// Jest Snapshot v1, https://goo.gl/fbAQLP

exports[`Store #constructor does not load a new map from a file if the file does not exist 1`] = `Map {}`;

exports[`Store #constructor loads a new map from a file 1`] = `
Map {
  "foo" => true,
  "bar" => false,
}
`;

exports[`Store #write writes the entries to a file 1`] = `"[[\\"foo\\",true],[\\"bar\\",false]]"`;
